border_size=1
usage=map

Aa          , Aa          , Aa          , Aa          , Aa          , Aa          , Aa          , Aa          , Aa          , Aa          , Hh          , Hh          , Hh          , Ha          , Ha          , Ha          , Ha^Fma      , Aa^Fpa      , Ha^Fma      , Aa^Fpa      , Hhd^Fdw     , Ha^Fpa      , Ha^Fpa      , Ha^Fpa      , Mm          , Ms          , Ms          , Ms^Xm       , Ms^Xm       , Ms^Xm       , Ms^Xm       , Ms^Xm       
Aa          , Aa          , Aa          , Aa          , Tyb         , Aa          , Aa          , Aa          , Aa          , Tyb         , Tyb         , Hh          , Aa          , Ha          , Ha          , Ha          , Hhd^Fdw     , Hhd^Fdw     , Ha^Fma      , Ha^Fma      , Ha^Fma      , Ha^Fda      , Ha^Fpa      , Ha^Fpa      , Ha^Fpa      , Mm          , Mm          , Ms          , Mm          , Mm          , Mm          , Ms^Xm       
Aa          , Aa          , Tyb         , Tyb         , Tyb         , Tyb         , Aa          , Aa^Voa      , Tyb         , Tyb         , Tyb         , Tyb         , Aa          , Aa          , Aa          , Ha          , Aa^Fpa      , Hhd^Fdw     , Aa^Fpa      , Ha^Fma      , Aa^Fpa      , Ha^Fpa      , Hhd^Fdw     , Aa^Via      , Ha^Fpa      , Ha^Fda      , Ha^Fma      , Mm          , Mm          , Mm          , Ms          , Ms^Xm       
Aa          , Aa          , Aa          , Tyb         , Tyb         , Tyb         , Aa          , Aa          , Aa          , Aa          , Aa          , Tyb         , Aa          , Aa          , Aa          , Aa          , Aa^Fpa      , Aa^Fpa      , Aa^Fpa      , Aa^Fpa      , Aa^Fpa      , Aa^Fpa      , Aa^Fpa      , Ha^Fpa      , Ha^Fda      , Hhd^Fdw     , Ha^Fpa      , Hhd^Fdw     , Ha^Fpa      , Mm          , Mm          , Ms^Xm       
Aa          , Aa          , Aa          , Aa^Voa      , Aa          , Aa          , Cea         , Aa          , Cea         , Aa          , Aa^Voa      , Aa          , Aa          , Aa          , Aa          , Aa          , Aa^Fpa      , Gs^Fms      , Aa^Fpa      , Aa^Fpa      , Aa^Fpa      , Aa^Fpa      , Aa^Fpa      , Aa^Fpa      , Aa^Fpa      , Ha^Fpa      , Ha^Fma      , Ha^Fda      , Hhd^Fdw     , Ha^Fpa      , Ha^Fpa      , Mm          
Aa          , Aa          , Aa          , Aa          , Aa          , Aa          , Cea         , 1 Kea       , Cea         , Tyb         , Tyb         , Tyb         , Tyb         , Aa          , Aa          , Aa          , Aa^Fpa      , Aa^Fpa      , Aa^Fpa      , Aa^Fpa      , Aa^Fpa      , Aa^Fpa      , Aa^Fpa      , Aa^Fpa      , Aa^Fpa      , Aa^Fpa      , Aa^Fpa      , Ha^Fpa      , Ha^Fpa      , Aa^Via      , Ha^Fpa      , Ha^Fpa      
Aa          , Aa          , Aa          , Tyb         , Aa^Voa      , Aa          , Aa          , Aa          , Aa          , Tyb         , Tyb         , Tyb         , Tyb         , Aa          , Aa          , Aa          , Aa^Fpa      , Aa^Fpa      , Aa^Fpa      , Aa^Fpa      , Aa^Fda      , Aa^Fpa      , Aa^Fpa      , Gs^Fmw      , Aa^Fpa      , Aa^Fpa      , Aa^Fpa      , Aa^Fpa      , Aa^Fpa      , Ha^Fpa      , Hhd^Fdw     , Ha^Fpa      
Aa          , Aa          , Aa          , Tyb         , Tyb         , Tyb         , Aa^Voa      , Aa          , Aa          , Tyb         , Aa^Voa      , Tyb         , Aa          , Aa          , Aa          , Aa          , Aa^Fpa      , Aa^Fpa      , Aa^Fpa      , Aa^Fpa      , Aa^Fpa      , Aa^Fpa      , Aa^Fpa      , Aa^Fpa      , Aa^Fma      , Aa^Fda      , Aa^Fpa      , Aa^Fpa      , Aa^Fpa      , Aa^Fpa      , Aa^Fpa      , Hhd^Fdw     
Aa          , Aa          , Aa          , Tyb         , Aa          , Tyb         , Tyb         , Tyb         , Aa          , Aa          , Aa          , Aa          , Aa          , Aa          , Aa          , Aa          , Aa^Fpa      , Aa^Fpa      , Aa^Fpa      , Aa^Fpa      , Aa^Fpa      , Aa^Fpa      , Aa^Fpa      , Aa^Fpa      , Aa^Fpa      , Aa^Fpa      , Aa^Fpa      , Aa^Fpa      , Gs^Fms      , Aa^Fpa      , Aa^Fpa      , Aa^Fpa      
Aa          , Aa          , Aa          , Aa          , Aa          , Aa          , Aa          , Aa          , Aa          , Aa          , Aa          , Aa          , Aa          , Aa          , Aa          , Aa          , Aa^Fpa      , Aa^Fpa      , Gs^Fp       , Aa^Fpa      , Aa^Fpa      , Aa^Fpa      , Aa^Fpa      , Aa^Fpa      , Aa^Fpa      , Aa^Fpa      , Aa^Fpa      , Aa^Fda      , Aa^Fpa      , Aa^Fpa      , Aa^Fma      , Aa^Fpa      
Aa          , Aa          , Aa          , Aa          , Aa          , Aa          , Aa          , Aa          , Aa          , Aa          , Aa          , Aa          , Aa          , Aa          , Aa          , Aa^Fpa      , Aa^Fpa      , Aa^Fpa      , Aa^Fpa      , Aa^Fpa      , Aa^Fda      , Aa^Fpa      , Aa^Fpa      , Aa^Fpa      , Aa^Fpa      , Aa^Fpa      , Aa^Fpa      , Aa^Fma      , Aa^Fpa      , Aa^Fpa      , Aa^Fpa      , Aa^Fpa      
Aa          , Aa          , Aa          , Aa          , Aa          , Aa          , Aa          , Aa          , Aa          , Aa          , Aa          , Aa          , Aa          , Aa          , Aa          , Aa^Fpa      , Aa^Fpa      , Aa^Fpa      , Aa^Fpa      , Aa^Fpa      , Aa^Fpa      , Aa^Fpa      , Aa^Fpa      , Aa^Fpa      , Gs^Fdf      , Gs^Fdf      , Gs^Fmf      , Aa^Fpa      , Aa^Fpa      , Aa^Fpa      , Aa^Fpa      , Aa^Fpa      
Aa          , Aa          , Aa          , Aa          , Aa          , Aa          , Aa          , Aa          , Aa          , Aa          , Aa          , Aa          , Aa^Fpa      , Aa          , Aa^Fpa      , Aa^Fpa      , Aa^Fpa      , Aa^Fda      , Aa^Fpa      , Aa^Fpa      , Aa^Fpa      , Aa^Fda      , Gs^Fmw      , Gs^Fdf      , Gs^Fmf      , Gs^Fmw      , Gs^Fdf      , Gs^Fmw      , Gs^Fmw      , Aa^Fpa      , Aa^Fpa      , Aa^Fpa      
Aa^Fpa      , Aa^Fpa      , Aa^Fpa      , Aa^Fpa      , Aa^Fpa      , Aa          , Aa^Fpa      , Aa^Fpa      , Aa^Fpa      , Aa^Fpa      , Aa          , Aa^Fpa      , Aa^Fpa      , Aa^Fpa      , Aa^Fpa      , Aa^Fpa      , Aa^Fpa      , Aa^Fpa      , Aa^Fpa      , Aa^Fpa      , Aa^Fda      , Gs^Fmw      , Aa^Fpa      , Gs^Fmw      , Aa^Fpa      , Gs^Fmf      , Aa^Fpa      , Gs^Fmw      , Aa^Fpa      , Gs^Fmw      , Aa^Fpa      , Aa^Fpa      
Aa^Fpa      , Aa^Fpa      , Aa^Fda      , Aa^Fpa      , Aa^Fpa      , Aa^Fpa      , Aa^Fpa      , Aa^Fpa      , Aa^Fpa      , Aa^Fpa      , Aa^Fda      , Aa          , Aa          , Aa^Fpa      , Aa^Fpa      , Aa^Fpa      , Aa^Fpa      , Aa^Fda      , Aa^Fda      , Aa^Fpa      , Aa^Fpa      , Aa^Fpa      , Aa^Fpa      , Aa^Fpa      , Aa^Fpa      , Gs^Fdf      , Aa^Fpa      , Aa^Fpa      , Aa^Fpa      , Aa^Fpa      , Aa^Fpa      , Aa^Fpa      
Aa^Fpa      , Aa^Fpa      , Aa^Fpa      , Aa^Fpa      , Aa^Fpa      , Aa^Fma      , Aa^Fpa      , Aa^Fpa      , Aa^Fpa      , Aa^Fpa      , Gs^Fds      , Gs^Fp       , Gs^Fds      , Aa          , Aa^Fda      , Aa^Fpa      , Aa^Fda      , Aa^Fda      , Aa^Fpa      , Aa^Fda      , Aa^Fpa      , Aa^Fpa      , Aa^Fpa      , Aa^Fpa      , Aa^Fpa      , Aa^Fpa      , Aa^Fpa      , Aa^Fpa      , Aa^Fpa      , Aa^Fpa      , Ai          , Ai          
Aa^Fpa      , Aa^Fpa      , Aa^Fma      , Aa^Fpa      , Aa^Fpa      , Aa^Fpa      , Aa^Fpa      , Aa^Fda      , Aa^Fpa      , Gs^Fp       , Tyb         , Tyb         , Gg^Fet      , Gg          , Gs^Fp       , Aa^Fpa      , Aa^Fpa      , Aa^Fpa      , Aa^Fpa      , Aa^Fpa      , Aa^Fpa      , Aa^Fpa      , Aa^Fpa      , Aa^Fma      , Aa^Fpa      , Aa^Fpa      , Aa^Fpa      , Aa^Fpa      , Ww          , Ww          , Ww          , Ww          
Aa^Fpa      , Aa^Fpa      , Aa^Fpa      , Aa^Fpa      , Aa^Fpa      , Aa^Fpa      , Aa^Fpa      , Aa^Fpa      , Aa^Fpa      , Gs^Fds      , Tyb         , Gg          , Tyb         , Tyb         , Gs^Fp       , Aa^Fpa      , Aa^Fma      , Aa^Fpa      , Aa^Fpa      , Aa^Fpa      , Aa^Fpa      , Aa^Fpa      , Aa^Fpa      , Aa^Fpa      , Ai          , Aa^Fpa      , Ww          , Ww          , Ai          , Ai          , Aa^Via      , Aa^Fpa      
Aa^Fpa      , Aa^Fpa      , Aa^Fpa      , Aa^Fpa      , Aa^Fpa      , Aa^Fma      , Aa^Fpa      , Aa^Fpa      , Aa^Fpa      , Aa^Fpa      , Gs^Fmf      , Tyb         , Tyb         , Gg          , Aa^Fpa      , Aa^Fpa      , Aa^Fpa      , Aa^Fpa      , Ai          , Ai          , Ww          , Aa^Fpa      , Ww          , Ww          , Ww          , Ww          , Aa          , Ai          , Aa^Fpa      , Aa          , Gs^Fp       , Aa^Fpa      
Aa^Fpa      , Aa^Fpa      , Aa^Fpa      , Aa^Fpa      , Aa^Fma      , Aa^Fpa      , Aa^Fda      , Aa^Fpa      , Aa^Fpa      , Aa^Fpa      , Aa^Fpa      , Aa^Fda      , Aa          , Gs^Fmf      , Aa^Fpa      , Ai          , Ww          , Ai          , Ww          , Ww          , Ai^Cov      , Ww          , Ai          , Ai          , Aa^Fma      , Aa^Fpa      , Aa^Fpa      , Aa^Fpa      , Aa^Fpa      , Gs^Fp       , Gs^Fp       , Aa^Fpa      
Aa^Fpa      , Aa^Fpa      , Aa^Fpa      , Aa^Fpa      , Aa^Fpa      , Aa^Fpa      , Aa^Fpa      , Aa^Fpa      , Aa^Fpa      , Aa^Fma      , Aa^Fpa      , Aa^Fpa      , Rb          , Aa^Fpa      , Ww          , Ww          , Ai          , Ww          , Aa^Fpa      , Aa^Cov      , Aa^Fpa      , Ai          , Aa^Fpa      , Aa^Via      , Aa^Fpa      , Aa^Fpa      , Aa^Fpa      , Aa^Fda      , Aa^Fpa      , Aa^Fpa      , Gs^Fp       , Gs^Fp       
Aa^Fpa      , Aa^Fpa      , Aa^Fpa      , Aa^Fpa      , Aa^Fpa      , Aa^Fpa      , Aa^Fpa      , Aa^Fpa      , Ai          , Ai          , Ww          , Ai          , Ww          , Wwf^Bw\     , Wwf^Bw\     , Ai          , Aa^Fpa      , Aa^Fpa      , Gs^Fp       , Aa^Kov      , Aa^Fpa      , Aa^Fpa      , Aa^Fpa      , Aa^Fpa      , Aa^Fpa      , Aa^Fpa      , Gs^Fp       , Aa^Fpa      , Aa^Fpa      , Gs^Fp       , Gs^Fp       , Gs^Fp       
Aa^Fpa      , Aa^Fma      , Aa^Fpa      , Aa^Fpa      , Aa^Fpa      , Aa^Fpa      , Ai          , Ai          , Ww          , Ww          , Ai          , Ww          , Aa^Fpa      , Aa^Fpa      , Aa^Fpa      , Rb          , Aa          , Aa          , Gs^Fp       , Gs^Fp       , Gs^Fp       , Gs^Fp       , Aa^Fpa      , Aa^Fpa      , Gs^Fp       , Gs^Fp       , Aa^Fpa      , Aa^Fpa      , Aa^Fpa      , Gs^Fp       , 2 Gs^Fp     , Aa^Fpa      
Aa^Fpa      , Aa^Fpa      , Aa^Fpa      , Aa^Fpa      , Ai          , Ai          , Ww          , Ww          , Aa^Fpa      , Aa^Fpa      , Aa^Fpa      , Aa^Fpa      , Aa^Fpa      , Aa^Fpa      , Aa^Fpa      , Aa^Fpa      , Aa^Fpa      , Gs^Fp       , Aa          , Aa^Fpa      , Aa^Fpa      , Aa^Fpa      , Aa^Fpa      , Aa^Fpa      , Aa^Fpa      , Aa^Fpa      , Aa^Fpa      , Aa^Fpa      , Aa^Fpa      , Aa^Fpa      , Aa^Fpa      , Aa^Fpa      
