border_size=1
usage=map

Aa          , Aa          , Aa          , Aa          , Rb          , Aa          , Aa          , Aa          , Aa          , Aa          , Aa          , Aa          , Gs          , Gs          , Gs          , Aa          , Aa          , Aa          , Aa          , Aa          , Aa^Fpa      , Aa          
Aa          , Aa          , Wwr         , Ai          , Ai          , 1 Rb        , Rb          , Aa          , Aa          , Aa          , Re^Gvs      , Re^Gvs      , Gs          , Gs          , Gs          , Gs          , Gs          , Aa          , Aa          , Aa          , Aa          , Aa          
Wwr         , Ai          , Wwr         , Wwr         , Wwf         , Ai          , Rb          , Rb          , Rb          , Gs          , Gs          , Re^Gvs      , Gs          , Gs          , Ce          , Gs          , Re^Gvs      , Gs          , Re^Gvs      , Aa          , Aa          , Aa          
Wwr         , Wwr         , Ai          , Ai          , Rb          , Ww^Bw/      , Ww          , Gs          , Gs          , Rb          , Rb          , Gs          , Ce          , Ce          , Re^Vi       , Ce          , Ce          , Re^Gvs      , Gs          , Gs          , Gs          , Aa          
Ai          , Ai          , Rb          , Rb          , Aa          , Ai          , Ai          , Ww          , Ww          , Gs          , Ce          , Ce          , Re^Vi       , Re^Vi       , Re^Vi       , Re^Vi       , Re^Vi       , Ce          , Ce          , Gs          , Rb          , Rb          
Aa          , Aa          , Rb          , Rb          , Rb          , Aa          , Aa          , Gs          , Gs          , Ww          , Ce          , Ce          , Ce          , Re^Vi       , Re^Vi       , Re^Vi       , Ce          , Ce          , Ce          , Rb          , Gs          , Aa          
Rb          , Rb          , Aa          , Aa          , Aa          , Rb          , Rb          , Gs^Fmf      , Gs          , Ww          , Ce          , Re^Vi       , Re^Vi       , Ce          , Ke          , Ce          , Re^Vi       , Re^Vi       , Ce          , Gs          , Gs          , Aa          
Aa          , Aa          , Aa          , Aa^Fpa      , Aa          , Aa          , Aa          , Rb          , Rb          , Ww^Bw/      , Ce          , Re^Vi       , Ce          , Ce          , Ke          , Ce          , Ce          , Re^Vi       , Ce          , Re^Gvs      , Gs          , Aa          
Aa          , Aa          , Aa          , Aa          , Aa          , Aa          , Rb          , Rb          , Gs          , Ww^Bw\      , Ce          , Ce          , Re^Vi       , Re^Vi       , Re^Vi       , Re^Vi       , Re^Vi       , Ce          , Ce          , Re^Gvs      , Gs^Fmf      , Aa          
Aa          , Aa          , Aa          , Aa          , Rb          , Rb          , Aa          , Gs          , Gs          , Ww          , Gs          , Ce          , Ce          , Re^Vi       , Re^Vi       , Re^Vi       , Ce          , Ce          , Rb          , Gs          , Gs          , Aa          
Aa          , Aa          , Aa          , Aa          , Rb          , Aa          , Aa          , Aa          , Aa          , Ww          , Ww          , Gs          , Gs          , Ce          , Ce          , Ce          , Gs          , Rb          , Rb          , Rb          , Rb          , Aa          
Ha          , Aa          , Rb          , Rb          , Aa          , Aa          , Aa          , Aa          , Aa          , Aa          , Aa          , Ww          , Ww          , Gs          , Re^Gvs      , Gs          , Re^Gvs      , Gs          , Aa          , Rb          , Rb          , Aa          
Ha          , Rb          , Aa          , Aa          , Aa^Fpa      , Aa          , Aa          , Aa          , Aa          , Aa^Fpa      , Aa          , Aa          , Aa          , Ww          , Ww          , Re^Gvs      , Aa          , Aa          , Aa          , Rb          , Rb          , Aa          
Rb          , Rb          , Aa          , Aa          , Aa          , Aa          , Aa          , Aa          , Aa          , Aa          , Aa          , Aa          , Aa          , Aa          , Aa          , Ww          , Ww          , Aa          , Aa          , Rb          , Rb          , Aa          
Ha          , Ha          , 2 Ha        , Aa          , Aa          , Aa          , Aa          , Aa          , Aa          , Aa          , Aa          , Aa          , Aa^Fpa      , Aa          , Aa          , Aa          , Aa^Fpa      , Ww          , Ww          , Rb          , Rb          , Aa          
Ha          , Ha          , Ha          , Ha          , Ha          , Aa          , Aa          , Aa          , Aa          , Aa          , Aa          , Aa          , Aa          , Aa          , Aa          , Aa          , Aa          , Aa          , Rb          , Ww^Bw|      , Ww          , Aa          
Ha          , Ha          , Ha          , Ha          , Ha          , Ha          , Ha          , Ha          , Ha          , Aa          , Aa          , Aa          , Aa          , Aa          , Aa          , Aa          , Aa          , Aa          , Rb          , Rb          , Aa          , Ww          
