border_size=1
usage=map

Aa          , Aa          , Aa          , Aa          , Aa          , Aa          , Aa          , Re          , Re          , Aa          , Aa          , Aa          , Aa          , Aa          , Aa          , Aa          , Aa          , Aa          , Aa          , Ha^Fda      , Ha^Fda      , Ha^Fda      , Ha^Fma      , Ha^Fma      , Ha^Fma      , Ha^Fda      , Ha^Fda      , Ha^Fda      , Ha^Fda      , Aa          , Aa          , Aa          , Aa          , Aa          , Aa          , Aa          , Aa          , Aa          , Aa          , Aa          , Ai          , Ai          , Ai          , Ww          , Ww          , Ww          
Aa          , Aa          , Gll         , Aa          , Gll         , Aa          , Aa          , Re          , Rd          , Aa          , Aa          , Gll         , Re^Vct      , Gll         , Aa          , Aa          , Aa          , Aa          , Aa          , Aa          , Aa          , Ha^Fma      , Ha^Fma      , Ha^Fma      , Ha^Fma      , Ha^Fda      , Ha^Fda      , Ha^Fda      , Aa          , Aa          , Aa          , Aa          , Aa          , Aa          , Aa          , Aa          , Aa          , Aa          , Ai          , Ai          , Ai          , Ai          , Ww          , Ww          , Ww          , Ww          
Aa          , Aa          , Gll         , Re^Vct      , Gd          , Re          , Rd          , Rd          , Ce          , Rd          , Rd          , Gll         , Gll         , Gll         , Aa          , Aa          , Aa          , Aa          , Aa          , Aa          , Aa          , Aa          , Ha^Fma      , Ha^Vca      , Aa          , Ha^Fma      , Aa          , Aa          , Aa          , Aa          , Aa          , Aa          , Aa          , Aa          , Aa          , Aa          , Ai          , Ai          , Ai          , Ai          , Ww          , Ww          , Ww          , Ww          , Ai          , Ai          
Aa          , Aa          , Gd          , Gll         , Gd          , Re          , Rd          , Ce          , Ce          , Ce          , Rd          , Gd          , Gd          , Gll         , Aa          , Aa          , Ha          , Aa          , Aa          , Aa          , Aa          , Aa          , Aa          , Aa          , Aa          , Aa          , Aa          , Aa          , Tyb         , Tyb         , Tyb         , Tyb         , Aa          , Aa          , Ai          , Ai          , Ai          , Ai          , Ww          , Ww          , Ww          , Ww          , Ww          , Ww          , Ai          , Ai          
Aa          , Aa          , Aa          , Gd          , Gd          , Rd          , Ce          , Ce          , Ce          , Ce          , Ce          , Rd          , Gd          , Aa          , Ha          , Ha          , Ms          , Ha          , Ha          , Aa          , Aa          , Aa          , Aa          , Aa          , Aa          , Aa          , Aa          , Tyb         , Aa          , Aa          , Aa          , Aa          , Ai          , Ai          , Ai          , Ai          , Ww          , Ww          , Ww          , Ww          , Ww          , Ww          , Ai          , Ai          , Ai          , Ai          
Aa          , Aa          , Aa          , Aa          , Gd          , Rd          , Ce          , Ce          , 2 Ke        , Ce          , Ce          , Rd          , Gd          , Aa          , Ha          , Ms          , Ms          , Ms          , Ha          , Aa          , Aa          , Aa          , Aa          , Aa          , Aa          , Aa          , Aa          , Aa          , Aa          , Aa          , Aa          , Aa          , Ai          , Ai          , Ww          , Ww          , Ww          , Ww          , Ww          , Ww          , Ai          , Ai          , Ai          , Ai          , Ai          , Ai          
Aa          , Aa          , Aa          , Aa          , Gd          , Rd          , Rd          , Ce          , Ce          , Ce          , Rd          , Rd          , Gd          , Aa          , Aa          , Ha          , Ha          , Ha          , Ha          , Aa          , Aa          , Aa          , Aa          , Aa          , Aa          , Aa          , Aa^Voa      , Aa          , Aa          , Aa          , Ai          , Ai          , Ai          , Ww          , Ww          , Ww          , Ww          , Ww          , Ai          , Ai          , Ai          , Ai          , Ai          , Ai          , Ai          , Ai          
Aa          , Aa          , Aa          , Aa          , Re          , Gd          , Rd          , Ce          , Ce          , Ce          , Rd          , Gd          , Gd          , Gd          , Gd          , Aa          , Aa          , Ha          , Aa          , Aa          , Aa          , Aa          , Aa          , Aa          , Aa          , Aa          , Aa          , Aa          , Ai          , Ai          , Ai          , Ai          , Ww          , Ww          , Ww          , Ww          , Ai          , Ai          , Ai          , Ai          , Ai          , Ai          , Ai          , Ai          , Ai          , Ai          
Aa          , Aa          , Gd          , Gll         , Gd          , Re          , Gd          , Rd          , Rd          , Rd          , Gd          , Re          , Gll         , Gd          , Gd          , Aa          , Aa          , Aa          , Aa          , Aa          , Aa          , Aa          , Aa          , Aa          , Aa          , Aa          , Ai          , Ai          , Ww          , Ai          , Ww          , Ww          , Ww          , Ww          , Ai          , Ai          , Ai          , Ai          , Ai          , Ai          , Ai          , Ai          , Ai          , Ai          , Ai          , Ai          
Aa          , Aa          , Gll         , Re^Vct      , Gll         , Gd          , Gd          , Gd          , Gd          , Gd          , Gd          , Gd          , Re^Vct      , Gll         , Ha          , Ha          , Ha          , Aa          , Aa          , Aa          , Aa          , Aa          , Ai          , Aa          , Ai          , Aa          , Ai          , Ww          , Ww          , Ww          , Ww          , Ww          , Ww          , Ww          , Ai          , Ai          , Ai          , Ai          , Ai          , Ai          , Ai          , Ai          , Ai          , Ai          , Aa          , Aa          
Aa          , Aa          , Aa          , Gll         , Gll         , Gd          , Gd          , Gd          , Gd          , Gd          , Gd          , Ha          , Ha          , Ha          , Ha          , Ha          , Ha          , Ha          , Ai          , Ai          , Ai          , Ai          , Ai          , Ai          , Ww          , Ai          , Ww          , Ww          , Ww          , Ww          , Ww          , Ww          , Ai          , Ai          , Ai          , Ai          , Ai          , Ai          , Ai          , Ai          , Aa          , Ai          , Aa          , Aa          , Aa          , Aa          
Aa          , Aa          , Aa          , Gll         , Gd          , Gd          , Gd          , Gd          , Gd          , Gd          , Gd          , Gd          , Gd          , Ha          , Ha          , Ha          , Ha          , Ai          , Ai          , Ai          , Ww          , Ww          , Ww          , Ww          , Ww          , Ww          , Ww          , Ww          , Ww          , Ai          , Ai          , Ai          , Ai          , Ai          , Ai          , Ai          , Aa          , Aa          , Aa          , Aa          , Aa          , Aa          , Aa          , Aa          , Aa          , Aa          
Aa          , Aa          , Aa          , Aa          , Aa          , Aa          , Aa          , Gd          , Aa          , Gd          , Gd          , Gd          , Aa          , Aa          , Ai          , Ha          , Ai          , Ai          , Wwf         , Ww          , Ww          , Ww          , Ww          , Ww          , Ww          , Ww          , Ai          , Ww          , Ai          , Ai          , Ai          , Ai          , Ai          , Ai          , Aa          , Aa          , Aa          , Aa          , Aa          , Aa          , Aa          , Aa          , Aa          , Aa          , Gs^Fdw      , Aa          
Aa          , Aa          , Gs^Fdw      , Gs^Fp       , Gs^Fp       , Gs^Fdw      , Aa          , Aa          , Aa          , Aa          , Aa          , Aa          , Ai          , Ai          , Ai          , Ai          , Ww          , Wwf         , Wwf         , Wwf         , Wwf         , Ww          , Ai          , Ai          , Ai          , Ai          , Ai          , Ai          , Ai          , Ai          , Ai          , Ai          , Aa          , Aa          , Aa          , Aa          , Aa          , Aa          , Aa          , Aa          , Aa          , Aa          , Gs^Fp       , Gs^Fdw      , Gs^Fp       , Aa          
Aa          , Gs^Fdw      , Gs^Fdw      , Gs^Fdw      , Gs^Fdw      , Gs^Fdw      , Aa          , Aa          , Aa          , Aa          , Ai          , Ai          , Ai          , Ai          , Ww          , Ww          , Ww          , Ww          , Ww          , Wwf         , Ai          , Ai          , Aa          , Ai          , Aa          , Ai          , Aa          , Aa          , Aa          , Ai          , Aa          , Aa          , Aa          , Aa          , Aa          , Aa          , Aa          , Aa          , Aa          , Aa          , Gs^Fp       , Gs^Fp       , Gs^Fdw      , Gs^Fp       , Gs^Fp       , Aa          
Aa          , Gs^Fdw      , Gs^Fp       , Gs^Fdw      , Aa          , Aa          , Aa          , Aa          , Aa          , Aa          , Ai          , Ai          , Ai          , Ai          , Ww          , Ww          , Ww          , Ww          , Ai          , Ai          , Aa          , Aa          , Aa          , Aa          , Aa          , Aa          , Aa          , Aa          , Aa          , Aa          , Aa          , Aa          , Aa          , Aa          , Aa          , Aa          , Aa          , Aa          , Aa          , Aa          , Aa          , Aa          , Aa          , Aa          , Aa          , Aa          
Aa          , Gs^Fdw      , Aa          , Aa          , Aa          , Aa          , Aa          , Aa          , Aa          , Aa          , Ai          , Ai          , Ai          , Ww          , Ww          , Ww          , Ai          , Ai          , Aa          , Aa          , Aa          , Tyb         , Tyb         , Aa          , Aa          , Aa          , Tyb         , Tyb         , Aa          , Aa          , Aa          , Aa^Fpa      , Aa          , Aa          , Aa          , Aa          , Aa          , Aa          , Aa          , Aa          , Aa          , Aa          , Aa          , Aa          , Aa          , Aa          
Aa          , Aa          , Aa          , Aa          , Aa          , Aa          , Aa          , Aa          , Ai          , Ai          , Ai          , Ai          , Ai          , Ww          , Ww          , Ww          , Ai          , Aa          , Aa          , Aa          , Aa          , Tyb         , Tyb         , Aa          , Aa          , Aa          , Aa          , Aa          , Aa          , Aa          , Aa          , Aa          , Aa          , Aa          , Aa          , Aa          , Aa          , Aa          , Aa          , Aa          , Aa          , Aa          , Aa          , Aa          , Aa          , Aa          
Aa          , Aa          , Aa          , Aa          , Aa          , Aa          , Aa          , Ai          , Ai          , Ai          , Ai          , Ai          , Ai          , Ww          , Ww          , Ww          , Ai          , Aa          , Aa          , Aa          , Aa          , Aa          , Aa          , Aa          , Aa          , Aa          , Aa          , Aa          , Dyb         , Dyb         , Dyb         , Aa          , Aa          , Aa          , Aa          , Aa          , Aa          , Aa          , Aa          , Aa          , Aa^Fpa      , Aa          , Aa          , Aa          , Aa          , Aa          
Aa          , Aa          , Aa          , Aa^Voa      , Aa          , Aa          , Ai          , Ai          , Ai          , Ai          , Ai          , Ai          , Ww          , Ww          , Ww          , Ww          , Ai          , Aa          , Aa          , Aa          , Aa          , Aa          , Aa          , Aa          , Aa          , Aa          , Aa          , Aa          , Aa          , Dyb         , Aa          , Aa          , Aa^Fpa      , Aa          , Aa          , Aa          , Aa          , Aa^Fpa      , Aa^Via      , Aa          , Aa          , Aa          , Aa          , Aa          , Aa          , Aa          
Ai          , Aa          , Ai          , Aa          , Ai          , Ai          , Ai          , Ai          , Ai          , Ai          , Ww          , Ww          , Ww          , Ww          , Ww          , Ww          , Ai          , Aa          , Aa          , Aa          , Aa          , Aa          , Aa          , Aa          , Aa          , Aa          , Aa          , Aa          , Aa          , Aa          , Aa          , Aa          , Aa          , Aa          , Aa          , Aa          , Aa          , Aa^Fpa      , Aa          , Aa          , Aa          , Aa          , Aa          , Aa          , Aa          , Aa          
Ai          , Ai          , Ai          , Ai          , Ai          , Ai          , Ai          , Ai          , Ww          , Ww          , Ww          , Ww          , Ww          , Ww          , Ai          , Ai          , Ai          , Aa          , Tyb         , Tyb         , Aa          , Aa          , Ha          , Ha          , Aa          , Aa          , Aa          , Aa          , Aa^Fpa      , Aa          , Aa          , Aa          , Aa          , Aa          , Aa          , Aa          , Aa          , Aa          , Aa          , Aa          , Aa          , Aa          , Aa          , Aa          , Aa          , Aa          
Wo          , Ai          , Ai          , Ai          , Ai          , Ai          , Ww          , Ww          , Ww          , Ww          , Ww          , Ww          , Ai          , Ai          , Ai          , Ai          , Aa          , Aa          , Tyb         , Aa          , Aa          , Aa          , Ha          , Ha          , Aa          , Aa          , Aa          , Aa^Via      , Aa^Fpa      , Aa          , Aa          , Aa          , Aa          , Aa          , Aa          , Aa          , Aa          , Aa          , Aa          , Aa          , Aa          , Aa^Fpa      , Aa          , Aa          , Aa          , Aa          
Wo          , Wo          , Ww          , Ai          , Wo          , Wo          , Wo          , Ww          , Ww          , Ww          , Ai          , Ai          , Ai          , Ai          , Aa          , Aa          , Aa          , Aa          , Aa          , Aa          , Aa          , Aa          , Aa          , Aa          , Aa          , Aa          , Aa          , Aa^Fpa      , Aa          , Aa          , Aa          , Dyb         , Aa          , Aa          , Aa          , Aa          , Aa          , Aa          , Aa          , Aa          , Aa          , Aa          , Aa          , Aa          , Aa          , Aa          
Wo          , Wo          , Wo          , Wo          , Wo          , Wo          , Wo          , Wo          , Ai          , Ai          , Ai          , Ai          , Aa          , Aa          , Aa          , Aa          , Aa          , Aa          , Aa          , Aa          , Aa          , Aa          , Aa          , Aa          , Aa          , Aa          , Aa          , Aa          , Aa          , Aa          , Aa          , Aa          , Aa          , Aa          , Aa          , Aa          , Aa          , Aa          , Re^Vct      , Aa          , Aa          , Aa          , Aa          , Aa          , Aa          , Aa          
Wo          , Wo          , Ms          , Wo          , Wo          , Wo          , Ai          , Ai          , Ai          , Ai          , Aa          , Aa          , Aa          , Aa          , Tyb         , Tyb         , Aa          , Aa          , Aa          , Aa          , Aa          , Aa          , Aa          , Aa          , Dyb         , Dyb         , Dyb         , Aa          , Aa          , Aa          , Aa          , Aa          , Aa          , Aa          , Aa          , Aa          , Aa          , Gs          , Gs          , Aa          , Aa          , Aa          , Aa          , Aa          , Aa          , Aa          
Wo          , Ms          , Ms          , Ms          , Ww          , Ai          , Ai          , Ai          , Ai          , Aa          , Aa          , Aa          , Aa          , Aa          , Aa          , Tyb         , Tyb         , Aa          , Aa          , Dyb         , Aa          , Aa          , Aa          , Aa          , Aa          , Dyb         , Aa          , Aa          , Aa          , Aa          , Aa          , Aa          , Re^Vct      , Gs          , Aa          , Aa          , Aa          , Aa          , Gs          , Gs          , Re^Vct      , Aa          , Aa          , Aa          , Aa          , Aa          
Wo          , Wo          , Wo          , Wo          , Ai          , Ai          , Ai          , Ai          , Aa          , Aa          , Aa          , Aa          , Aa          , Aa          , Aa          , Aa          , Aa          , Aa          , Aa          , Aa          , Aa          , Aa          , Aa          , Aa          , Aa          , Aa          , Aa          , Aa          , Aa          , Aa          , Aa          , Aa          , Aa          , Gs          , Gs          , Aa          , Ce          , Ce          , Ce          , Gs          , Gs          , Aa          , Aa          , Aa          , Aa          , Aa          
Wo          , Wo          , Wo          , Wo          , Ai          , Ai          , Ai          , Ai          , Aa          , Aa          , Aa          , Aa          , Aa          , Aa          , Aa          , Aa          , Aa          , Aa          , Aa          , Aa          , Aa          , Aa          , Aa          , Aa          , Aa          , Aa          , Aa          , Aa          , Aa          , Aa          , Aa          , Aa          , Aa          , Aa          , Aa          , Ce          , Ce          , Ce          , Ce          , Ce          , Aa          , Aa          , Aa          , Aa          , Aa          , Aa          
Wo          , Wo          , Wo          , Ai          , Ai          , Ai          , Ai          , Aa          , Aa          , Aa          , Aa          , Aa          , Aa          , Aa          , Aa          , Aa          , Aa          , Aa          , Aa          , Aa          , Aa          , Aa          , Aa          , Aa          , Aa          , Aa          , Aa          , Dyb         , Aa          , Aa          , Aa          , Aa          , Aa          , Aa          , Aa          , Ce          , Ce          , 1 Ke        , Ce          , Ce          , Aa          , Aa          , Aa          , Aa          , Aa          , Aa          
Wo          , Wo          , Ai          , Ai          , Ai          , Ai          , Ai          , Aa          , Aa          , Aa          , Aa          , Aa          , Aa          , Aa          , Ha          , Ha          , Ms          , Aa          , Aa          , Aa          , Dyb         , Dyb         , Dyb         , Aa          , Aa          , Aa          , Aa          , Aa          , Aa          , Aa          , Aa          , Aa          , Gs          , Aa          , Gs          , Ce          , Ce          , Ce          , Ce          , Ce          , Aa          , Aa          , Aa          , Aa          , Aa          , Aa          
Wo          , Wo          , Ai          , Ai          , Ai          , Ai          , Aa          , Aa          , Aa          , Aa          , Aa          , Aa          , Aa          , Aa          , Ha          , Ms          , Ms          , Ms          , Aa          , Aa          , Aa          , Dyb         , Aa          , Aa          , Aa          , Aa          , Aa          , Aa          , Aa          , Aa          , Aa          , Aa          , Gs          , Re^Vct      , Gs          , Aa          , Aa          , Ce          , Aa          , Gs          , Gs          , Gs          , Gs          , Aa          , Aa          , Aa          
Ww          , Ai          , Ai          , Ai          , Ai          , Ai          , Aa          , Aa          , Aa          , Aa          , Aa          , Aa          , Aa          , Aa          , Aa          , Ha          , Ha          , Ha          , Aa          , Aa          , Aa          , Aa          , Aa          , Aa          , Aa          , Aa          , Aa          , Aa          , Aa          , Aa          , Aa          , Aa          , Aa          , Gs          , Aa          , Aa          , Aa          , Aa          , Aa          , Aa          , Gs          , Gs          , Re^Vct      , Re          , Re          , Aa          
Ai          , Ai          , Ai          , Ai          , Aa          , Aa          , Aa          , Aa          , Aa          , Aa          , Aa          , Aa          , Aa          , Aa          , Aa          , Aa          , Aa          , Aa          , Aa          , Aa          , Aa          , Aa          , Aa          , Aa          , Aa          , Aa          , Aa          , Aa          , Aa          , Aa          , Aa          , Aa          , Aa          , Aa          , Aa          , Aa          , Aa          , Aa          , Aa          , Aa          , Aa          , Gs          , Re          , Re          , Re          , Re          
Ai          , Ai          , Aa          , Aa          , Aa          , Aa          , Aa          , Aa          , Aa          , Aa          , Aa          , Aa          , Aa          , Aa          , Aa          , Aa          , Aa          , Aa          , Aa          , Aa          , Aa          , Aa          , Aa          , Aa          , Aa          , Aa          , Aa          , Aa          , Aa          , Aa          , Aa          , Aa          , Aa          , Aa          , Aa          , Aa          , Aa          , Aa          , Aa          , Aa          , Aa          , Aa          , Aa          , Re          , Re          , Re          
